{"output_type":"lets_plot_spec","output":{"kind":"ggbunch","items":[{"feature_spec":{"ggtitle":{"text":"Plot 1"},"mapping":{},"data":{"x":[1.0,2.0,3.0,4.0],"y":[4.0,6.0,5.0,7.0]},"ggsize":{"width":300.0,"height":300.0},"kind":"plot","scales":[],"layers":[{"mapping":{"x":"x","y":"y"},"stat":"identity","color":"red","shape":16.0,"size":5.0,"position":"identity","geom":"point"}],"data_meta":{"series_annotations":[{"type":"int","column":"x"},{"type":"int","column":"y"}]}},"x":0,"y":0,"width":null,"height":null},{"feature_spec":{"ggtitle":{"text":"Plot 2"},"mapping":{},"data":{"x":[1.0,2.0,3.0,4.0,5.0],"y":[1.0,2.0,3.0,2.0,1.0]},"ggsize":{"width":300.0,"height":300.0},"kind":"plot","scales":[],"layers":[{"mapping":{"x":"x","y":"y"},"stat":"identity","color":"blue","size":2.0,"position":"identity","geom":"line"}],"theme":{"axis_title_y":{"color":"blue","size":14.0,"blank":false},"axis_title_x":{"color":"blue","size":14.0,"blank":false}},"data_meta":{"series_annotations":[{"type":"int","column":"x"},{"type":"int","column":"y"}]}},"x":350,"y":0,"width":null,"height":null}]},"apply_color_scheme":true,"swing_enabled":true}