{"output_type":"lets_plot_spec","output":{"mapping":{},"data":{"type":["X","X","Y","Y","X","X","Y","X"],"cond":["A","B","A","A","A","A","A","B"]},"ggsize":{"width":700.0,"height":350.0},"kind":"plot","scales":[],"layers":[{"mapping":{"x":"type","fill":"cond"},"stat":"count","color":"dark_green","alpha":0.3,"position":"stack","geom":"bar"}],"data_meta":{"series_annotations":[{"type":"str","column":"type"},{"type":"str","column":"cond"}]}},"apply_color_scheme":true,"swing_enabled":true}