{"output_type":"lets_plot_spec","output":{"kind":"subplots","figures":[{"ggtitle":{"text":"Plot 1"},"mapping":{},"data":{"x":[1.0,2.0,3.0,4.0],"y":[4.0,3.0,2.0,1.0]},"kind":"plot","scales":[],"layers":[{"mapping":{"x":"x","y":"y"},"stat":"identity","position":"identity","geom":"point"}],"data_meta":{"series_annotations":[{"type":"int","column":"x"},{"type":"int","column":"y"}]}},{"ggtitle":{"text":"Plot 2"},"mapping":{},"data":{"x":[1.0,2.0,3.0,4.0],"y":[1.0,2.0,3.0,4.0]},"kind":"plot","scales":[],"layers":[{"mapping":{"x":"x","y":"y"},"stat":"identity","position":"identity","geom":"line"}],"data_meta":{"series_annotations":[{"type":"int","column":"x"},{"type":"int","column":"y"}]}}],"layout":{"name":"grid","ncol":2,"nrow":1,"fit":true,"align":false}},"apply_color_scheme":true,"swing_enabled":true}